// Jest Snapshot v1, https://goo.gl/fbAQLP

exports[`<Configuration /> render() renders the component 1`] = `
<Hoc
  classes={
    Object {
      "container": "ReduxForm-container-1",
      "dense": "ReduxForm-dense-3",
      "grid": "ReduxForm-grid-5",
      "gridButton": "ReduxForm-gridButton-6",
      "menu": "ReduxForm-menu-4",
      "textField": "ReduxForm-textField-2",
    }
  }
  destroyOnUnmount={true}
  enableReinitialize={false}
  forceUnregisterOnUnmount={false}
  form="configuration"
  forwardedRef={null}
  getFormState={[Function]}
  keepDirtyOnReinitialize={false}
  persistentSubmitErrors={false}
  pure={true}
  shouldAsyncValidate={[Function]}
  shouldError={[Function]}
  shouldValidate={[Function]}
  shouldWarn={[Function]}
  submitAsSideEffect={false}
  touchOnBlur={true}
  touchOnChange={false}
  updateUnregisteredFields={false}
  validate={[Function]}
/>
`;
