// Jest Snapshot v1, https://goo.gl/fbAQLP

exports[`<RealTimeChart /> render() renders the component 1`] = `
<div
  className="recharts-wrapper"
  onMouseEnter={[Function]}
  onMouseLeave={[Function]}
  onMouseMove={[Function]}
  onTouchEnd={[Function]}
  onTouchMove={[Function]}
  onTouchStart={[Function]}
  style={
    Object {
      "cursor": "default",
      "height": 300,
      "position": "relative",
      "width": 600,
    }
  }
>
  <Surface
    height={300}
    width={600}
  >
    <defs>
      <clipPath
        id="recharts3-clip"
      >
        <rect
          height={257}
          width={530}
          x={65}
          y={8}
        />
      </clipPath>
    </defs>
    <CartesianGrid
      chartHeight={300}
      chartWidth={600}
      fill="none"
      height={257}
      horizontal={true}
      horizontalCoordinatesGenerator={[Function]}
      horizontalFill={Array []}
      horizontalPoints={Array []}
      key="grid"
      offset={
        Object {
          "bottom": 35,
          "brushBottom": 35,
          "height": 257,
          "left": 65,
          "right": 5,
          "top": 8,
          "width": 530,
        }
      }
      stroke="#ccc"
      strokeDasharray="2 3"
      vertical={true}
      verticalCoordinatesGenerator={[Function]}
      verticalFill={Array []}
      verticalPoints={Array []}
      width={530}
      x={65}
      xAxis={
        Object {
          "allowDataOverflow": false,
          "allowDecimals": true,
          "allowDuplicatedCategory": true,
          "axisType": "xAxis",
          "bandSize": 0,
          "categoricalDomain": undefined,
          "dataKey": "name",
          "domain": Array [
            0,
            1,
            2,
          ],
          "duplicateDomain": Array [
            "",
            "",
            "",
          ],
          "height": 30,
          "hide": false,
          "isCategorial": true,
          "label": Object {
            "offset": -5,
            "position": "insideBottomRight",
            "value": "Eixo X",
          },
          "layout": "horizontal",
          "mirror": false,
          "orientation": "bottom",
          "originalDomain": Array [
            0,
            "auto",
          ],
          "padding": Object {
            "left": 0,
            "right": 0,
          },
          "realScaleType": "point",
          "reversed": false,
          "scale": [Function],
          "tickCount": 5,
          "type": "category",
          "width": 530,
          "x": 65,
          "xAxisId": 0,
          "y": 265,
        }
      }
      y={8}
      yAxis={
        Object {
          "allowDataOverflow": false,
          "allowDecimals": true,
          "allowDuplicatedCategory": true,
          "axisType": "yAxis",
          "bandSize": 0,
          "categoricalDomain": undefined,
          "domain": Array [
            0,
            3000,
          ],
          "duplicateDomain": undefined,
          "height": 257,
          "hide": false,
          "isCategorial": false,
          "label": Object {
            "angle": -90,
            "position": "insideLeft",
            "value": "Eixo Y",
          },
          "layout": "horizontal",
          "mirror": false,
          "niceTicks": Array [
            0,
            750,
            1500,
            2250,
            3000,
          ],
          "orientation": "left",
          "originalDomain": Array [
            0,
            "auto",
          ],
          "padding": Object {
            "bottom": 0,
            "top": 0,
          },
          "realScaleType": "linear",
          "reversed": false,
          "scale": [Function],
          "tickCount": 5,
          "type": "number",
          "width": 60,
          "x": 5,
          "y": 8,
          "yAxisId": 0,
        }
      }
    />
    <CartesianAxis
      allowDataOverflow={false}
      allowDecimals={true}
      allowDuplicatedCategory={true}
      axisLine={true}
      axisType="xAxis"
      bandSize={0}
      className="recharts-xAxis xAxis"
      dataKey="name"
      domain={
        Array [
          0,
          1,
          2,
        ]
      }
      duplicateDomain={
        Array [
          "",
          "",
          "",
        ]
      }
      height={30}
      hide={false}
      interval="preserveEnd"
      isCategorial={true}
      key="XAxis-1"
      label={
        Object {
          "offset": -5,
          "position": "insideBottomRight",
          "value": "Eixo X",
        }
      }
      layout="horizontal"
      minTickGap={5}
      mirror={false}
      orientation="bottom"
      originalDomain={
        Array [
          0,
          "auto",
        ]
      }
      padding={
        Object {
          "left": 0,
          "right": 0,
        }
      }
      realScaleType="point"
      reversed={false}
      scale={[Function]}
      stroke="#666"
      tick={true}
      tickCount={5}
      tickLine={true}
      tickMargin={2}
      tickSize={6}
      ticks={Array []}
      ticksGenerator={[Function]}
      type="category"
      viewBox={
        Object {
          "height": 300,
          "width": 600,
          "x": 0,
          "y": 0,
        }
      }
      width={530}
      x={65}
      xAxisId={0}
      y={265}
    />
    <CartesianAxis
      allowDataOverflow={false}
      allowDecimals={true}
      allowDuplicatedCategory={true}
      axisLine={true}
      axisType="yAxis"
      bandSize={0}
      className="recharts-yAxis yAxis"
      domain={
        Array [
          0,
          3000,
        ]
      }
      height={257}
      hide={false}
      interval="preserveEnd"
      isCategorial={false}
      key="YAxis-2"
      label={
        Object {
          "angle": -90,
          "position": "insideLeft",
          "value": "Eixo Y",
        }
      }
      layout="horizontal"
      minTickGap={5}
      mirror={false}
      niceTicks={
        Array [
          0,
          750,
          1500,
          2250,
          3000,
        ]
      }
      orientation="left"
      originalDomain={
        Array [
          0,
          "auto",
        ]
      }
      padding={
        Object {
          "bottom": 0,
          "top": 0,
        }
      }
      realScaleType="linear"
      reversed={false}
      scale={[Function]}
      stroke="#666"
      tick={true}
      tickCount={5}
      tickLine={true}
      tickMargin={2}
      tickSize={6}
      ticks={Array []}
      ticksGenerator={[Function]}
      type="number"
      viewBox={
        Object {
          "height": 300,
          "width": 600,
          "x": 0,
          "y": 0,
        }
      }
      width={60}
      x={5}
      y={8}
      yAxisId={0}
    />
    <Line
      activeDot={
        Object {
          "r": 8,
        }
      }
      animateNewValues={true}
      animationBegin={0}
      animationDuration={1500}
      animationEasing="ease"
      animationId={0}
      bottom={35}
      brushBottom={35}
      connectNulls={false}
      dataKey="Frenagem"
      dot={true}
      fill="#fff"
      height={257}
      hide={false}
      isAnimationActive={true}
      key="item-0"
      layout="horizontal"
      left={65}
      legendType="line"
      onAnimationEnd={[Function]}
      onAnimationStart={[Function]}
      points={
        Array [
          Object {
            "payload": Object {
              "Frenagem": 500,
              "Velocidade": 3000,
              "amt": 3000,
            },
            "value": 500,
            "x": 65,
            "y": 222.16666666666669,
          },
          Object {
            "payload": Object {
              "Frenagem": 2000,
              "Velocidade": 2000,
              "amt": 200,
            },
            "value": 2000,
            "x": 330,
            "y": 93.66666666666669,
          },
          Object {
            "payload": Object {
              "Frenagem": 3000,
              "Velocidade": 1000,
              "amt": 2290,
            },
            "value": 3000,
            "x": 595,
            "y": 8,
          },
        ]
      }
      right={5}
      stroke="#FF1493"
      strokeWidth={1}
      top={8}
      type="monotone"
      width={530}
      xAxis={
        Object {
          "allowDataOverflow": false,
          "allowDecimals": true,
          "allowDuplicatedCategory": true,
          "axisType": "xAxis",
          "bandSize": 0,
          "categoricalDomain": undefined,
          "dataKey": "name",
          "domain": Array [
            0,
            1,
            2,
          ],
          "duplicateDomain": Array [
            "",
            "",
            "",
          ],
          "height": 30,
          "hide": false,
          "isCategorial": true,
          "label": Object {
            "offset": -5,
            "position": "insideBottomRight",
            "value": "Eixo X",
          },
          "layout": "horizontal",
          "mirror": false,
          "orientation": "bottom",
          "originalDomain": Array [
            0,
            "auto",
          ],
          "padding": Object {
            "left": 0,
            "right": 0,
          },
          "realScaleType": "point",
          "reversed": false,
          "scale": [Function],
          "tickCount": 5,
          "type": "category",
          "width": 530,
          "x": 65,
          "xAxisId": 0,
          "y": 265,
        }
      }
      xAxisId={0}
      yAxis={
        Object {
          "allowDataOverflow": false,
          "allowDecimals": true,
          "allowDuplicatedCategory": true,
          "axisType": "yAxis",
          "bandSize": 0,
          "categoricalDomain": undefined,
          "domain": Array [
            0,
            3000,
          ],
          "duplicateDomain": undefined,
          "height": 257,
          "hide": false,
          "isCategorial": false,
          "label": Object {
            "angle": -90,
            "position": "insideLeft",
            "value": "Eixo Y",
          },
          "layout": "horizontal",
          "mirror": false,
          "niceTicks": Array [
            0,
            750,
            1500,
            2250,
            3000,
          ],
          "orientation": "left",
          "originalDomain": Array [
            0,
            "auto",
          ],
          "padding": Object {
            "bottom": 0,
            "top": 0,
          },
          "realScaleType": "linear",
          "reversed": false,
          "scale": [Function],
          "tickCount": 5,
          "type": "number",
          "width": 60,
          "x": 5,
          "y": 8,
          "yAxisId": 0,
        }
      }
      yAxisId={0}
    />
    <Line
      activeDot={true}
      animateNewValues={true}
      animationBegin={0}
      animationDuration={1500}
      animationEasing="ease"
      animationId={0}
      bottom={35}
      brushBottom={35}
      connectNulls={false}
      dataKey="Velocidade"
      dot={true}
      fill="#fff"
      height={257}
      hide={false}
      isAnimationActive={true}
      key="item-1"
      layout="horizontal"
      left={65}
      legendType="line"
      onAnimationEnd={[Function]}
      onAnimationStart={[Function]}
      points={
        Array [
          Object {
            "payload": Object {
              "Frenagem": 500,
              "Velocidade": 3000,
              "amt": 3000,
            },
            "value": 3000,
            "x": 65,
            "y": 8,
          },
          Object {
            "payload": Object {
              "Frenagem": 2000,
              "Velocidade": 2000,
              "amt": 200,
            },
            "value": 2000,
            "x": 330,
            "y": 93.66666666666669,
          },
          Object {
            "payload": Object {
              "Frenagem": 3000,
              "Velocidade": 1000,
              "amt": 2290,
            },
            "value": 1000,
            "x": 595,
            "y": 179.33333333333334,
          },
        ]
      }
      right={5}
      stroke=" #FF8C69"
      strokeWidth={1}
      top={8}
      type="monotone"
      width={530}
      xAxis={
        Object {
          "allowDataOverflow": false,
          "allowDecimals": true,
          "allowDuplicatedCategory": true,
          "axisType": "xAxis",
          "bandSize": 0,
          "categoricalDomain": undefined,
          "dataKey": "name",
          "domain": Array [
            0,
            1,
            2,
          ],
          "duplicateDomain": Array [
            "",
            "",
            "",
          ],
          "height": 30,
          "hide": false,
          "isCategorial": true,
          "label": Object {
            "offset": -5,
            "position": "insideBottomRight",
            "value": "Eixo X",
          },
          "layout": "horizontal",
          "mirror": false,
          "orientation": "bottom",
          "originalDomain": Array [
            0,
            "auto",
          ],
          "padding": Object {
            "left": 0,
            "right": 0,
          },
          "realScaleType": "point",
          "reversed": false,
          "scale": [Function],
          "tickCount": 5,
          "type": "category",
          "width": 530,
          "x": 65,
          "xAxisId": 0,
          "y": 265,
        }
      }
      xAxisId={0}
      yAxis={
        Object {
          "allowDataOverflow": false,
          "allowDecimals": true,
          "allowDuplicatedCategory": true,
          "axisType": "yAxis",
          "bandSize": 0,
          "categoricalDomain": undefined,
          "domain": Array [
            0,
            3000,
          ],
          "duplicateDomain": undefined,
          "height": 257,
          "hide": false,
          "isCategorial": false,
          "label": Object {
            "angle": -90,
            "position": "insideLeft",
            "value": "Eixo Y",
          },
          "layout": "horizontal",
          "mirror": false,
          "niceTicks": Array [
            0,
            750,
            1500,
            2250,
            3000,
          ],
          "orientation": "left",
          "originalDomain": Array [
            0,
            "auto",
          ],
          "padding": Object {
            "bottom": 0,
            "top": 0,
          },
          "realScaleType": "linear",
          "reversed": false,
          "scale": [Function],
          "tickCount": 5,
          "type": "number",
          "width": 60,
          "x": 5,
          "y": 8,
          "yAxisId": 0,
        }
      }
      yAxisId={0}
    />
  </Surface>
  <Legend
    align="center"
    chartHeight={300}
    chartWidth={600}
    iconSize={14}
    layout="horizontal"
    margin={
      Object {
        "bottom": 5,
        "left": 5,
        "right": 5,
        "top": 8,
      }
    }
    onBBoxUpdate={[Function]}
    payload={
      Array [
        Object {
          "color": "#FF1493",
          "dataKey": "Frenagem",
          "inactive": false,
          "payload": Object {
            "activeDot": Object {
              "r": 8,
            },
            "animateNewValues": true,
            "animationBegin": 0,
            "animationDuration": 1500,
            "animationEasing": "ease",
            "connectNulls": false,
            "dataKey": "Frenagem",
            "dot": true,
            "fill": "#fff",
            "hide": false,
            "isAnimationActive": true,
            "legendType": "line",
            "onAnimationEnd": [Function],
            "onAnimationStart": [Function],
            "points": Array [],
            "stroke": "#FF1493",
            "strokeWidth": 1,
            "type": "monotone",
            "xAxisId": 0,
            "yAxisId": 0,
          },
          "type": "line",
          "value": "Frenagem",
        },
        Object {
          "color": " #FF8C69",
          "dataKey": "Velocidade",
          "inactive": false,
          "payload": Object {
            "activeDot": true,
            "animateNewValues": true,
            "animationBegin": 0,
            "animationDuration": 1500,
            "animationEasing": "ease",
            "connectNulls": false,
            "dataKey": "Velocidade",
            "dot": true,
            "fill": "#fff",
            "hide": false,
            "isAnimationActive": true,
            "legendType": "line",
            "onAnimationEnd": [Function],
            "onAnimationStart": [Function],
            "points": Array [],
            "stroke": " #FF8C69",
            "strokeWidth": 1,
            "type": "monotone",
            "xAxisId": 0,
            "yAxisId": 0,
          },
          "type": "line",
          "value": "Velocidade",
        },
      ]
    }
    verticalAlign="bottom"
    width={590}
  />
  <Tooltip
    active={false}
    animationDuration={400}
    animationEasing="ease"
    contentStyle={Object {}}
    coordinate={
      Object {
        "x": 0,
        "y": 0,
      }
    }
    cursor={true}
    cursorStyle={Object {}}
    filterNull={true}
    isAnimationActive={true}
    itemSorter={[Function]}
    itemStyle={Object {}}
    labelStyle={Object {}}
    offset={10}
    payload={Array []}
    separator=" : "
    useTranslate3d={false}
    viewBox={
      Object {
        "bottom": 35,
        "brushBottom": 35,
        "height": 257,
        "left": 65,
        "right": 5,
        "top": 8,
        "width": 530,
        "x": 65,
        "y": 8,
      }
    }
    wrapperStyle={Object {}}
  />
</div>
`;
