// Jest Snapshot v1, https://goo.gl/fbAQLP

exports[`<SignUp /> render() renders the component 1`] = `
<Hoc
  classes={
    Object {
      "field": "ReduxForm-field-3",
      "grid": "ReduxForm-grid-4",
      "paper": "ReduxForm-paper-2",
      "root": "ReduxForm-root-1",
    }
  }
  destroyOnUnmount={true}
  enableReinitialize={false}
  forceUnregisterOnUnmount={false}
  form="signup"
  forwardedRef={null}
  getFormState={[Function]}
  keepDirtyOnReinitialize={false}
  persistentSubmitErrors={false}
  pure={true}
  shouldAsyncValidate={[Function]}
  shouldError={[Function]}
  shouldValidate={[Function]}
  shouldWarn={[Function]}
  submitAsSideEffect={false}
  touchOnBlur={true}
  touchOnChange={false}
  updateUnregisteredFields={false}
  validate={[Function]}
/>
`;
