// Jest Snapshot v1, https://goo.gl/fbAQLP

exports[`<Vibration /> render() renders the component 1`] = `
<Hoc
  classes={
    Object {
      "checbox_control": "ReduxForm-checbox_control-11",
      "checbox_field": "ReduxForm-checbox_field-12",
      "configuration": "ReduxForm-configuration-10",
      "container": "ReduxForm-container-1",
      "dense": "ReduxForm-dense-3",
      "form": "ReduxForm-form-9",
      "formControl": "ReduxForm-formControl-8",
      "grid": "ReduxForm-grid-5",
      "gridButton": "ReduxForm-gridButton-6",
      "menu": "ReduxForm-menu-4",
      "textField": "ReduxForm-textField-2",
      "title": "ReduxForm-title-7",
    }
  }
  destroyOnUnmount={true}
  enableReinitialize={false}
  forceUnregisterOnUnmount={false}
  form="calibration"
  forwardedRef={null}
  getFormState={[Function]}
  keepDirtyOnReinitialize={false}
  persistentSubmitErrors={false}
  pure={true}
  shouldAsyncValidate={[Function]}
  shouldError={[Function]}
  shouldValidate={[Function]}
  shouldWarn={[Function]}
  submitAsSideEffect={false}
  touchOnBlur={true}
  touchOnChange={false}
  updateUnregisteredFields={false}
/>
`;
