// Jest Snapshot v1, https://goo.gl/fbAQLP

exports[`<Vibration /> render() renders the component 1`] = `
<Hoc
  classes={
    Object {
      "container": "ReduxForm-container-1",
      "dense": "ReduxForm-dense-3",
      "fileInput": "ReduxForm-fileInput-8",
      "file_name": "ReduxForm-file_name-11",
      "grid": "ReduxForm-grid-5",
      "gridButton": "ReduxForm-gridButton-6",
      "input": "ReduxForm-input-9",
      "menu": "ReduxForm-menu-4",
      "rootUploadFile": "ReduxForm-rootUploadFile-10",
      "textField": "ReduxForm-textField-2",
      "title": "ReduxForm-title-7",
    }
  }
  destroyOnUnmount={true}
  enableReinitialize={false}
  forceUnregisterOnUnmount={false}
  form="calibration"
  forwardedRef={null}
  getFormState={[Function]}
  keepDirtyOnReinitialize={false}
  persistentSubmitErrors={false}
  pure={true}
  shouldAsyncValidate={[Function]}
  shouldError={[Function]}
  shouldValidate={[Function]}
  shouldWarn={[Function]}
  submitAsSideEffect={false}
  touchOnBlur={true}
  touchOnChange={false}
  updateUnregisteredFields={false}
/>
`;
