// Jest Snapshot v1, https://goo.gl/fbAQLP

exports[`<AquisitionsAndCommand /> render() renders the component 1`] = `
<Hoc
  classes={
    Object {
      "checbox_field": "ReduxForm-checbox_field-1",
      "gridAllPower": "ReduxForm-gridAllPower-4",
      "gridInformations": "ReduxForm-gridInformations-5",
      "gridProgress": "ReduxForm-gridProgress-8",
      "labelProgress": "ReduxForm-labelProgress-7",
      "labelTitle": "ReduxForm-labelTitle-6",
      "progress": "ReduxForm-progress-3",
      "progressHeight": "ReduxForm-progressHeight-2",
    }
  }
  destroyOnUnmount={true}
  enableReinitialize={false}
  forceUnregisterOnUnmount={false}
  form="testAquisition"
  forwardedRef={null}
  getFormState={[Function]}
  keepDirtyOnReinitialize={false}
  persistentSubmitErrors={false}
  pure={true}
  shouldAsyncValidate={[Function]}
  shouldError={[Function]}
  shouldValidate={[Function]}
  shouldWarn={[Function]}
  submitAsSideEffect={false}
  touchOnBlur={true}
  touchOnChange={false}
  updateUnregisteredFields={false}
/>
`;
